
> curious-to-talk@0.1.0 build
> next build

▲ Next.js 16.2.6 (Turbopack)
- Environments: .env.local

  Creating an optimized production build ...

> Build error occurred
Error: Turbopack build failed with 2 errors:
./components/room/room-view.tsx:5:1
Export useParticipant doesn't exist in target module
  [90m 3 |[0m [36mimport[0m { useState, useEffect } [36mfrom[0m [32m"react"[0m;
  [90m 4 |[0m [36mimport[0m { useRouter } [36mfrom[0m [32m"next/navigation"[0m;
[31m[1m>[0m [90m 5 |[0m [36mimport[0m {
  [90m   |[0m [31m[1m^^^^^^^[0m
[31m[1m>[0m [90m 6 |[0m   [33mLiveKitRoom[0m,
  [90m   |[0m [31m[1m^^^^^^^^^^^^^^[0m
[31m[1m>[0m [90m 7 |[0m   [33mRoomAudioRenderer[0m,
  [90m   |[0m [31m[1m^^^^^^^^^^^^^^^^^^^^[0m
[31m[1m>[0m [90m 8 |[0m   useParticipants,
  [90m   |[0m [31m[1m^^^^^^^^^^^^^^^^^^[0m
[31m[1m>[0m [90m 9 |[0m   useLocalParticipant,
  [90m   |[0m [31m[1m^^^^^^^^^^^^^^^^^^^^^^[0m
[31m[1m>[0m [90m10 |[0m   useIsSpeaking,
  [90m   |[0m [31m[1m^^^^^^^^^^^^^^^^[0m
[31m[1m>[0m [90m11 |[0m   useChat,
  [90m   |[0m [31m[1m^^^^^^^^^^[0m
[31m[1m>[0m [90m12 |[0m   useParticipant,
  [90m   |[0m [31m[1m^^^^^^^^^^^^^^^^^[0m
[31m[1m>[0m [90m13 |[0m   useTracks,
  [90m   |[0m [31m[1m^^^^^^^^^^^^[0m
[31m[1m>[0m [90m14 |[0m   [33mVideoTrack[0m,
  [90m   |[0m [31m[1m^^^^^^^^^^^^^[0m
[31m[1m>[0m [90m15 |[0m } [36mfrom[0m [32m"@livekit/components-react"[0m;
  [90m   |[0m [31m[1m^^^^^^^^^^^^^^^^^^^^^^^^^^^^^^^^^^^[0m
  [90m16 |[0m [36mimport[0m { [33mTrack[0m, [36mtype[0m [33mParticipant[0m } [36mfrom[0m [32m"livekit-client"[0m;
  [90m17 |[0m [36mimport[0m { [33mMic[0m, [33mMicOff[0m, [33mLogOut[0m, [33mMessageSquare[0m, [33mMenu[0m, [33mX[0m, [33mRadio[0m, [33mMonitorUp[0m, [33mMonitorOff[0m, [33mMonitor[0m } [36mfrom[0m [32m"lucide-react"[0m;
  [90m18 |[0m [36mimport[0m { [33mChatTab[0m } [36mfrom[0m [32m"./chat-tab"[0m;

The export useParticipant was not found in module [project]/node_modules/@livekit/components-react/dist/index.mjs [app-client] (ecmascript).
Did you mean to import useParticipants?
All exports of the module are statically known (It doesn't have dynamic exports). So it's known statically that the requested export doesn't exist.

Import trace:
  Server Component:
    ./components/room/room-view.tsx
    ./app/rooms/[id]/page.tsx


./components/room/room-view.tsx:5:1
Export useParticipant doesn't exist in target module
  [90m 3 |[0m [36mimport[0m { useState, useEffect } [36mfrom[0m [32m"react"[0m;
  [90m 4 |[0m [36mimport[0m { useRouter } [36mfrom[0m [32m"next/navigation"[0m;
[31m[1m>[0m [90m 5 |[0m [36mimport[0m {
  [90m   |[0m [31m[1m^^^^^^^[0m
[31m[1m>[0m [90m 6 |[0m   [33mLiveKitRoom[0m,
  [90m   |[0m [31m[1m^^^^^^^^^^^^^^[0m
[31m[1m>[0m [90m 7 |[0m   [33mRoomAudioRenderer[0m,
  [90m   |[0m [31m[1m^^^^^^^^^^^^^^^^^^^^[0m
[31m[1m>[0m [90m 8 |[0m   useParticipants,
  [90m   |[0m [31m[1m^^^^^^^^^^^^^^^^^^[0m
[31m[1m>[0m [90m 9 |[0m   useLocalParticipant,
  [90m   |[0m [31m[1m^^^^^^^^^^^^^^^^^^^^^^[0m
[31m[1m>[0m [90m10 |[0m   useIsSpeaking,
  [90m   |[0m [31m[1m^^^^^^^^^^^^^^^^[0m
[31m[1m>[0m [90m11 |[0m   useChat,
  [90m   |[0m [31m[1m^^^^^^^^^^[0m
[31m[1m>[0m [90m12 |[0m   useParticipant,
  [90m   |[0m [31m[1m^^^^^^^^^^^^^^^^^[0m
[31m[1m>[0m [90m13 |[0m   useTracks,
  [90m   |[0m [31m[1m^^^^^^^^^^^^[0m
[31m[1m>[0m [90m14 |[0m   [33mVideoTrack[0m,
  [90m   |[0m [31m[1m^^^^^^^^^^^^^[0m
[31m[1m>[0m [90m15 |[0m } [36mfrom[0m [32m"@livekit/components-react"[0m;
  [90m   |[0m [31m[1m^^^^^^^^^^^^^^^^^^^^^^^^^^^^^^^^^^^[0m
  [90m16 |[0m [36mimport[0m { [33mTrack[0m, [36mtype[0m [33mParticipant[0m } [36mfrom[0m [32m"livekit-client"[0m;
  [90m17 |[0m [36mimport[0m { [33mMic[0m, [33mMicOff[0m, [33mLogOut[0m, [33mMessageSquare[0m, [33mMenu[0m, [33mX[0m, [33mRadio[0m, [33mMonitorUp[0m, [33mMonitorOff[0m, [33mMonitor[0m } [36mfrom[0m [32m"lucide-react"[0m;
  [90m18 |[0m [36mimport[0m { [33mChatTab[0m } [36mfrom[0m [32m"./chat-tab"[0m;

The export useParticipant was not found in module [project]/node_modules/@livekit/components-react/dist/index.mjs [app-ssr] (ecmascript).
Did you mean to import useParticipants?
All exports of the module are statically known (It doesn't have dynamic exports). So it's known statically that the requested export doesn't exist.

Import trace:
  Server Component:
    ./components/room/room-view.tsx
    ./app/rooms/[id]/page.tsx


    at <unknown> (./components/room/room-view.tsx:5:1)
    at <unknown> (./components/room/room-view.tsx:5:1)
